+----+------+------+------+-----+------+------+-----+------+------+--------------+
| ST | Mux0 | Mux1 | Mux2 | Inc | JmpA | OutA | Out | CfgA | CfgB |         STEW |
+----+------+------+------+-----+------+------+-----+------+------+--------------+
|  0 |    8 |    c |    8 |   0 |    1 |  704 | 000 |    6 |    2 | 137040003190 |
|  1 |    f |    0 |    8 |   0 |    2 |  201 | 201 |    a |    2 | 15201402501e |
|  2 |    7 |    0 |    8 |   1 |    4 |  401 | 201 |    5 |    2 | 12c01402900f |
|  3 |    b |    0 |    8 |   0 |    5 |  401 | 201 |    a |    2 | 15401402b016 |
|  4 |    b |    0 |    8 |   0 |    6 |  440 | 200 |    a |    2 | 15440400d016 |
|  5 |    f |    0 |    8 |   0 |    6 |  440 | 200 |    a |    2 | 15440400d01e |
|  6 |    e |    0 |    8 |   1 |    1 |  000 | 000 |    5 |    2 | 12800000301d |
|  7 |    0 |    0 |    8 |   0 |    0 |  000 | 000 |    f |    2 | 178000001000 |
|  8 |    0 |    0 |    8 |   0 |    0 |  000 | 000 |    f |    2 | 178000001000 |
|  9 |    0 |    0 |    8 |   0 |    0 |  000 | 000 |    f |    2 | 178000001000 |
|  a |    0 |    0 |    8 |   0 |    0 |  000 | 000 |    f |    2 | 178000001000 |
|  b |    0 |    0 |    8 |   0 |    0 |  000 | 000 |    f |    2 | 178000001000 |
|  c |    0 |    0 |    8 |   0 |    0 |  000 | 000 |    f |    2 | 178000001000 |
|  d |    0 |    0 |    8 |   0 |    0 |  000 | 000 |    f |    2 | 178000001000 |
|  e |    0 |    0 |    8 |   0 |    0 |  000 | 000 |    f |    2 | 178000001000 |
|  f |    0 |    0 |    8 |   0 |    0 |  000 | 000 |    f |    2 | 178000001000 |
+----+------+------+------+-----+------+------+-----+------+------+--------------+
