+----+------+------+------+-----+------+------+-----+------+------+--------------+
| ST | Mux0 | Mux1 | Mux2 | Inc | JmpA | OutA | Out | CfgA | CfgB |         STEW |
+----+------+------+------+-----+------+------+-----+------+------+--------------+
|  0 |    8 |    0 |    0 |   0 |    1 |  100 | 001 |    a |    0 | 051000022010 |
|  1 |    0 |    0 |    0 |   0 |    2 |  001 | 000 |    f |    0 | 078010004000 |
|  2 |    d |    0 |    0 |   0 |    3 |  001 | 041 |    a |    0 | 05001082601a |
|  3 |    e |    0 |    0 |   1 |    2 |  001 | 001 |    5 |    0 | 02801002401d |
|  4 |    0 |    0 |    9 |   0 |    5 |  001 | 000 |    f |    2 | 17801000b200 |
|  5 |    8 |    0 |    0 |   0 |    0 |  001 | 001 |    5 |    0 | 028010020010 |
|  6 |    0 |    0 |    0 |   0 |    0 |  001 | 000 |    f |    0 | 078010000000 |
|  7 |    0 |    0 |    0 |   0 |    0 |  001 | 000 |    f |    0 | 078010000000 |
|  8 |    0 |    0 |    0 |   0 |    0 |  001 | 000 |    f |    0 | 078010000000 |
|  9 |    0 |    0 |    0 |   0 |    0 |  001 | 000 |    f |    0 | 078010000000 |
|  a |    0 |    0 |    0 |   0 |    0 |  001 | 000 |    f |    0 | 078010000000 |
|  b |    0 |    0 |    0 |   0 |    0 |  001 | 000 |    f |    0 | 078010000000 |
|  c |    0 |    0 |    0 |   0 |    0 |  001 | 000 |    f |    0 | 078010000000 |
|  d |    0 |    0 |    0 |   0 |    0 |  001 | 000 |    f |    0 | 078010000000 |
|  e |    0 |    0 |    0 |   0 |    0 |  001 | 000 |    f |    0 | 078010000000 |
|  f |    0 |    0 |    0 |   0 |    0 |  001 | 000 |    f |    0 | 078010000000 |
+----+------+------+------+-----+------+------+-----+------+------+--------------+
