+----+------+------+------+-----+------+------+-----+------+------+--------------+
| ST | Mux0 | Mux1 | Mux2 | Inc | JmpA | OutA | Out | CfgA | CfgB |         STEW |
+----+------+------+------+-----+------+------+-----+------+------+--------------+
|  0 |    0 |    0 |    d |   0 |    1 |  000 | 000 |    1 |    2 | 108000003a00 |
|  1 |    1 |    e |    d |   1 |    2 |  010 | 000 |    8 |    2 | 140100005bc3 |
|  2 |    1 |    0 |    d |   1 |    4 |  004 | 000 |    a |    2 | 150040009a03 |
|  3 |    0 |    0 |    d |   0 |    0 |  000 | 000 |    e |    2 | 170000001a00 |
|  4 |    1 |    0 |    d |   1 |    6 |  040 | 000 |    5 |    2 | 12840000da03 |
|  5 |    0 |    0 |    d |   0 |    0 |  000 | 000 |    e |    2 | 170000001a00 |
|  6 |    e |    0 |    d |   1 |    2 |  000 | 000 |    5 |    2 | 128000005a1d |
|  7 |    0 |    0 |    d |   0 |    1 |  710 | 000 |    f |    2 | 17f100003a00 |
|  8 |    0 |    0 |    d |   0 |    0 |  000 | 000 |    f |    2 | 178000001a00 |
|  9 |    0 |    0 |    d |   0 |    0 |  000 | 000 |    f |    2 | 178000001a00 |
|  a |    0 |    0 |    d |   0 |    0 |  000 | 000 |    f |    2 | 178000001a00 |
|  b |    0 |    0 |    d |   0 |    0 |  000 | 000 |    f |    2 | 178000001a00 |
|  c |    0 |    0 |    d |   0 |    0 |  000 | 000 |    f |    2 | 178000001a00 |
|  d |    0 |    0 |    d |   0 |    0 |  000 | 000 |    f |    2 | 178000001a00 |
|  e |    0 |    0 |    d |   0 |    0 |  000 | 000 |    f |    2 | 178000001a00 |
|  f |    0 |    0 |    d |   0 |    0 |  000 | 000 |    f |    2 | 178000001a00 |
+----+------+------+------+-----+------+------+-----+------+------+--------------+
