+----+------+------+------+-----+------+------+-----+------+------+--------------+
| ST | Mux0 | Mux1 | Mux2 | Inc | JmpA | OutA | Out | CfgA | CfgB |         STEW |
+----+------+------+------+-----+------+------+-----+------+------+--------------+
|  0 |    0 |    c |    0 |   0 |    1 |  104 | 000 |    6 |    2 | 131040002180 |
|  1 |    a |    0 |    0 |   1 |    3 |  080 | 080 |    a |    2 | 150801006015 |
|  2 |    0 |    c |    0 |   0 |    0 |  084 | 080 |    6 |    2 | 130841000180 |
|  3 |    0 |    1 |    0 |   1 |    0 |  020 | 000 |    9 |    2 | 148200000021 |
|  4 |    0 |    0 |    0 |   0 |    0 |  200 | 000 |    f |    2 | 17a000000000 |
|  5 |    0 |    0 |    0 |   0 |    5 |  000 | 000 |    f |    2 | 17800000a000 |
|  6 |    0 |    0 |    0 |   0 |    6 |  000 | 000 |    f |    2 | 17800000c000 |
|  7 |    0 |    0 |    0 |   0 |    7 |  000 | 000 |    f |    2 | 17800000e000 |
|  8 |    0 |    0 |    0 |   0 |    8 |  000 | 000 |    f |    2 | 178000010000 |
|  9 |    0 |    0 |    0 |   0 |    9 |  000 | 000 |    f |    2 | 178000012000 |
|  a |    0 |    0 |    0 |   0 |    a |  000 | 000 |    f |    2 | 178000014000 |
|  b |    0 |    0 |    0 |   0 |    b |  000 | 000 |    f |    2 | 178000016000 |
|  c |    0 |    0 |    0 |   0 |    c |  000 | 000 |    f |    2 | 178000018000 |
|  d |    0 |    0 |    0 |   0 |    d |  000 | 000 |    f |    2 | 17800001a000 |
|  e |    0 |    0 |    0 |   0 |    e |  000 | 000 |    f |    2 | 17800001c000 |
|  f |    0 |    0 |    0 |   0 |    f |  000 | 000 |    f |    2 | 17800001e000 |
+----+------+------+------+-----+------+------+-----+------+------+--------------+
